[www.telescope.me/index.html]
[www.telescope.me/favicon.ico]
[www.telescope.me/logo192.png]
[www.telescope.me/manifest.json]
[backblue.gif]
[fade.gif]
[index.html]
[telegram.org/js/telegram-web-app.js]
[www.telescope.me/assets/index-CkAElPEY.js]
[www.telescope.me/assets/rolldown-runtime-Cyuzqnbw.js]
[www.telescope.me/assets/preload-helper-zJ_50EbN.js]
[www.telescope.me/assets/app-framework-CTXMcU9w.js]
[www.telescope.me/assets/http-CXT5O_1M.js]
[www.telescope.me/assets/realtime-N_MPsviN.js]
[www.telescope.me/assets/react-core-DlxB9BtT.js]
[www.telescope.me/assets/icons-CGoNV2qR.js]
[www.telescope.me/assets/classNames-hZG6twJP.js]
[www.telescope.me/assets/toast-DLx5hGlu.js]
[www.telescope.me/index.html]
[www.telescope.me/assets/index-2xN8LQ1z.css]
[www.telescope.me/assets/inter-v19-latin-regular-C38fXH4l.woff2]
[www.telescope.me/assets/inter-v19-latin-500-Cerq10X2.woff2]
[www.telescope.me/assets/inter-v19-latin-600-LgqL8muc.woff2]
[www.telescope.me/assets/inter-v19-latin-700-Drs_5D37.woff2]
[www.telescope.me/assets/inter-v19-latin-800-BYj_oED-.woff2]
[www.telescope.me/assets/inter-v19-latin-900-D4nM5aha.woff2]
[www.telescope.me/assets/index-2xN8LQ1z.css]
